
> elite-finder-frontend@0.0.0 build
> vite build

[36mvite v5.4.21 [32mbuilding for production...[36m[39m
transforming...
[32mÔ£ô[39m 4222 modules transformed.
node.exe : [31mx[39m Build failed in 
7.20s
No linha:1 caractere:1
+ & "C:\Program Files\nodejs/node.exe" 
"C:\Program Files\nodejs/node_mo ...
+ ~~~~~~~~~~~~~~~~~~~~~~~~~~~~~~~~~~~~~~~
~~~~~~~~~~~~~~~~~~~~~~~~~~~~~~
    + CategoryInfo          : NotSpecifi 
   ed: ([31mx[39m Build failed in 7.2  
  0s:String) [], RemoteException
    + FullyQualifiedErrorId : NativeComm 
   andError
 
[31merror during build:
[31msrc/components/market-analysis/MLAlg
orithmsGuide.tsx (7:31): 
"ALGORITHM_CONFIGS" is not exported by "s
rc/components/market-analysis/AlgorithmCo
nfigModal.tsx", imported by "src/componen
ts/market-analysis/MLAlgorithmsGuide.tsx"
.[31m
file: [36mC:/Users/DenisMay/elite-finder
-appv1/frontend/src/components/market-ana
lysis/MLAlgorithmsGuide.tsx:7:31[31m
[33m
5:     CheckCircle, XCircle, Info, Star, 
Search, Settings
6: } from 'lucide-react';
7: import AlgorithmConfigModal, { 
ALGORITHM_CONFIGS } from 
'./AlgorithmConfigModal';
                                  ^
8: 
9: interface Algorithm {
[31m
    at getRollupError (file:///C:/Users/D
enisMay/elite-finder-appv1/frontend/node_
modules/rollup/dist/es/shared/parseAst.js
:401:41)
    at error (file:///C:/Users/DenisMay/e
lite-finder-appv1/frontend/node_modules/r
ollup/dist/es/shared/parseAst.js:397:42)
    at Module.error (file:///C:/Users/Den
isMay/elite-finder-appv1/frontend/node_mo
dules/rollup/dist/es/shared/node-entry.js
:16956:16)
    at Module.traceVariable (file:///C:/U
sers/DenisMay/elite-finder-appv1/frontend
/node_modules/rollup/dist/es/shared/node-
entry.js:17412:29)
    at ModuleScope.findVariable (file:///
C:/Users/DenisMay/elite-finder-appv1/fron
tend/node_modules/rollup/dist/es/shared/n
ode-entry.js:15076:39)
    at ReturnValueScope.findVariable (fil
e:///C:/Users/DenisMay/elite-finder-appv1
/frontend/node_modules/rollup/dist/es/sha
red/node-entry.js:5649:38)
    at FunctionBodyScope.findVariable (fi
le:///C:/Users/DenisMay/elite-finder-appv
1/frontend/node_modules/rollup/dist/es/sh
ared/node-entry.js:5649:38)
    at Identifier.bind (file:///C:/Users/
DenisMay/elite-finder-appv1/frontend/node
_modules/rollup/dist/es/shared/node-entry
.js:5423:40)
    at MemberExpression.bind (file:///C:/
Users/DenisMay/elite-finder-appv1/fronten
d/node_modules/rollup/dist/es/shared/node
-entry.js:2813:23)
    at MemberExpression.bind (file:///C:/
Users/DenisMay/elite-finder-appv1/fronten
d/node_modules/rollup/dist/es/shared/node
-entry.js:7378:19)[39m
